// Jest Snapshot v1, https://goo.gl/fbAQLP

exports[`<Empty /> should render img, title and description without link 1`] = `
.c0 {
  margin: 3.2rem;
  text-align: center;
}

.c1 {
  max-width: 34rem;
  width: 100%;
  margin-bottom: 2.4rem;
  margin-right: -0.3rem;
}

.c2 {
  color: #F231A5;
  font-size: 2.0rem;
}

.c3 {
  color: #FAFAFA;
  font-size: 1.4rem;
  font-weight: 300;
  margin-bottom: 2.4rem;
}

@media (min-width:960px) {
  .c2 {
    font-size: 2.8rem;
  }
}

@media (min-width:960px) {
  .c3 {
    font-size: 1.6rem;
  }
}

<body>
  <div>
    <div
      class="c0"
    >
      <img
        alt="A person on a couch playing video games"
        class="c1"
        src="/img/empty.svg"
      />
      <h2
        class="c2"
      >
        my title
      </h2>
      <p
        class="c3"
      >
        my description
      </p>
    </div>
  </div>
</body>
`;
