// Jest Snapshot v1, https://goo.gl/fbAQLP

exports[`<TextField /> should render with error message 1`] = `
.c4 {
  display: -webkit-box;
  display: -webkit-flex;
  display: -ms-flexbox;
  display: flex;
  background: #EAEAEA;
  border-radius: 0.2rem;
  padding: 0 0.8rem;
  border: 0.2rem solid;
  border-color: #EAEAEA;
}

.c4:focus-within {
  box-shadow: 0 0 0.5rem #F231A5;
}

.c8 {
  color: #030517;
  font-family: Poppins,-apple-system,BlinkMacSystemFont,'Segoe UI',Roboto,Oxygen,Ubuntu,Cantarell,'Open Sans','Helvetica Neue',sans-serif;
  font-size: 1.6rem;
  padding: 0.8rem;
  background: transparent;
  border: 0;
  outline: none;
  width: 100%;
}

.c8:-webkit-autofill {
  -webkit-box-shadow: 0 0 0px 1000px #EAEAEA inset;
}

.c2 {
  font-size: 1.4rem;
  color: #030517;
  cursor: pointer;
}

.c6 {
  display: -webkit-box;
  display: -webkit-flex;
  display: -ms-flexbox;
  display: flex;
  width: 2rem;
  color: #8F8F8F;
  margin: 0 0.8rem;
}

.c6 > svg {
  width: 100%;
}

.c9 {
  color: #ff6347;
  font-size: 1.2rem;
}

.c0 .c3 {
  border-color: #ff6347;
}

.c0 .c5,
.c0 .c1 {
  color: #ff6347;
}

.c7 {
  display: inline-block;
  vertical-align: middle;
  overflow: hidden;
}

<div>
  <div
    class="c0"
  >
    <label
      class="c1 c2"
      for="TextField"
    >
      TextField
    </label>
    <div
      class="c3 c4"
    >
      <span
        class="c5 c6"
      >
        <svg
          aria-hidden="true"
          class="c7"
          data-testid="icon"
          fill="currentColor"
          focusable="false"
          viewBox="0 0 24 24"
          xmlns="http://www.w3.org/2000/svg"
        >
          <path
            d="M22 6c0-1.1-.9-2-2-2H4c-1.1 0-2 .9-2 2v12c0 1.1.9 2 2 2h16c1.1 0 2-.9 2-2V6zm-2 0-8 5-8-5h16zm0 12H4V8l8 5 8-5v10z"
          />
        </svg>
      </span>
      <input
        autocomplete="off"
        class="c8"
        type="text"
        value=""
      />
    </div>
    <span
      class="c9"
    >
      Error message
    </span>
  </div>
</div>
`;
