// Jest Snapshot v1, https://goo.gl/fbAQLP

exports[`<FormSignUp /> should render a sign up form 1`] = `
.c2 {
  display: -webkit-box;
  display: -webkit-flex;
  display: -ms-flexbox;
  display: flex;
  background: #EAEAEA;
  border-radius: 0.2rem;
  padding: 0 0.8rem;
  border: 0.2rem solid;
  border-color: #EAEAEA;
}

.c2:focus-within {
  box-shadow: 0 0 0.5rem #F231A5;
}

.c5 {
  color: #030517;
  font-family: Poppins,-apple-system,BlinkMacSystemFont,'Segoe UI',Roboto,Oxygen,Ubuntu,Cantarell,'Open Sans','Helvetica Neue',sans-serif;
  font-size: 1.6rem;
  padding: 0.8rem;
  background: transparent;
  border: 0;
  outline: none;
  width: 100%;
}

.c5:-webkit-autofill {
  -webkit-box-shadow: 0 0 0px 1000px #EAEAEA inset;
}

.c3 {
  display: -webkit-box;
  display: -webkit-flex;
  display: -ms-flexbox;
  display: flex;
  width: 2rem;
  color: #8F8F8F;
  margin: 0 0.8rem;
}

.c3 > svg {
  width: 100%;
}

.c0 .c1 {
  margin-bottom: 0.8rem;
}

.c7 {
  font-size: 1.4rem;
  color: #030517;
  text-align: center;
  margin-top: 1.6rem;
}

.c7 a {
  color: #3CD3C1;
  margin-left: 0.8rem;
  -webkit-transition: color,border,0.1s ease-in-out;
  transition: color,border,0.1s ease-in-out;
  border-bottom: 0.1rem solid #3CD3C1;
  -webkit-text-decoration: none;
  text-decoration: none;
}

.c7 a:hover {
  color: #29b3a3;
  border-bottom-color: #29b3a3;
}

.c4 {
  display: inline-block;
  vertical-align: middle;
  overflow: hidden;
}

.c6 {
  background: linear-gradient(180deg,#ff5f5f 0%,#f062c0 50%);
  color: #FAFAFA;
  cursor: pointer;
  border: 0;
  border-radius: 0.4rem;
  padding: 0.8rem;
  -webkit-text-decoration: none;
  text-decoration: none;
  display: -webkit-inline-box;
  display: -webkit-inline-flex;
  display: -ms-inline-flexbox;
  display: inline-flex;
  -webkit-align-items: center;
  -webkit-box-align: center;
  -ms-flex-align: center;
  align-items: center;
  -webkit-box-pack: center;
  -webkit-justify-content: center;
  -ms-flex-pack: center;
  justify-content: center;
  height: 5rem;
  font-size: 1.6rem;
  padding: 0 4.0rem;
  width: 100%;
}

.c6:hover {
  background: linear-gradient(180deg,#e35565 0%,#d958a6 50%);
}

<div
  class="c0"
>
  <form>
    <div
      class="c1 "
    >
      <div
        class="c2"
      >
        <span
          class="c3"
        >
          <svg
            aria-hidden="true"
            class="c4"
            fill="currentColor"
            focusable="false"
            viewBox="0 0 24 24"
            xmlns="http://www.w3.org/2000/svg"
          >
            <path
              d="M12 2C6.48 2 2 6.48 2 12s4.48 10 10 10 10-4.48 10-10S17.52 2 12 2zM7.35 18.5C8.66 17.56 10.26 17 12 17s3.34.56 4.65 1.5c-1.31.94-2.91 1.5-4.65 1.5s-3.34-.56-4.65-1.5zm10.79-1.38a9.947 9.947 0 0 0-12.28 0A7.957 7.957 0 0 1 4 12c0-4.42 3.58-8 8-8s8 3.58 8 8c0 1.95-.7 3.73-1.86 5.12z"
            />
            <path
              d="M12 6c-1.93 0-3.5 1.57-3.5 3.5S10.07 13 12 13s3.5-1.57 3.5-3.5S13.93 6 12 6zm0 5c-.83 0-1.5-.67-1.5-1.5S11.17 8 12 8s1.5.67 1.5 1.5S12.83 11 12 11z"
            />
          </svg>
        </span>
        <input
          autocomplete="off"
          class="c5"
          name="name"
          placeholder="Name"
          type="text"
          value=""
        />
      </div>
    </div>
    <div
      class="c1 "
    >
      <div
        class="c2"
      >
        <span
          class="c3"
        >
          <svg
            aria-hidden="true"
            class="c4"
            fill="currentColor"
            focusable="false"
            viewBox="0 0 24 24"
            xmlns="http://www.w3.org/2000/svg"
          >
            <path
              d="M22 6c0-1.1-.9-2-2-2H4c-1.1 0-2 .9-2 2v12c0 1.1.9 2 2 2h16c1.1 0 2-.9 2-2V6zm-2 0-8 5-8-5h16zm0 12H4V8l8 5 8-5v10z"
            />
          </svg>
        </span>
        <input
          autocomplete="off"
          class="c5"
          name="email"
          placeholder="E-mail"
          type="email"
          value=""
        />
      </div>
    </div>
    <div
      class="c1 "
    >
      <div
        class="c2"
      >
        <span
          class="c3"
        >
          <svg
            aria-hidden="true"
            class="c4"
            fill="currentColor"
            focusable="false"
            viewBox="0 0 24 24"
            xmlns="http://www.w3.org/2000/svg"
          >
            <path
              d="M18 8h-1V6c0-2.76-2.24-5-5-5S7 3.24 7 6v2H6c-1.1 0-2 .9-2 2v10c0 1.1.9 2 2 2h12c1.1 0 2-.9 2-2V10c0-1.1-.9-2-2-2zM9 6c0-1.66 1.34-3 3-3s3 1.34 3 3v2H9V6zm9 14H6V10h12v10zm-6-3c1.1 0 2-.9 2-2s-.9-2-2-2-2 .9-2 2 .9 2 2 2z"
            />
          </svg>
        </span>
        <input
          autocomplete="off"
          class="c5"
          name="password"
          placeholder="Password"
          type="password"
          value=""
        />
      </div>
    </div>
    <div
      class="c1 "
    >
      <div
        class="c2"
      >
        <span
          class="c3"
        >
          <svg
            aria-hidden="true"
            class="c4"
            fill="currentColor"
            focusable="false"
            viewBox="0 0 24 24"
            xmlns="http://www.w3.org/2000/svg"
          >
            <path
              d="M18 8h-1V6c0-2.76-2.24-5-5-5S7 3.24 7 6v2H6c-1.1 0-2 .9-2 2v10c0 1.1.9 2 2 2h12c1.1 0 2-.9 2-2V10c0-1.1-.9-2-2-2zM9 6c0-1.66 1.34-3 3-3s3 1.34 3 3v2H9V6zm9 14H6V10h12v10zm-6-3c1.1 0 2-.9 2-2s-.9-2-2-2-2 .9-2 2 .9 2 2 2z"
            />
          </svg>
        </span>
        <input
          autocomplete="off"
          class="c5"
          name="confirm-password"
          placeholder="Confirm password"
          type="password"
          value=""
        />
      </div>
    </div>
    <button
      class="c6"
    >
      <span>
        Sign up now
      </span>
    </button>
    <div
      class="c7"
    >
      Already have an account?
      <a
        href="/sign-in"
      >
        Sign in
      </a>
    </div>
  </form>
</div>
`;
